// Jest Snapshot v1, https://goo.gl/fbAQLP

exports[`Avatar Renders 1`] = `
<Styled(styled.div)
  alignItems="center"
  flexDirection="column"
  mb={5}
>
  <ForwardRef
    alt="@yourname"
    mb={3}
    src="profile.png"
    variant="avatar"
  />
  <ForwardRef>
    @yourname
  </ForwardRef>
</Styled(styled.div)>
`;
